// Jest Snapshot v1, https://goo.gl/fbAQLP

exports[`minimal usage 1`] = `
Object {
  "Parameters": Object {
    "AssetParameters3a503948932f3e25e7921671561d354e9f0426f942436d3f7f9a6c27dab6133aArtifactHashA9668BED": Object {
      "Description": "Artifact hash for asset \\"3a503948932f3e25e7921671561d354e9f0426f942436d3f7f9a6c27dab6133a\\"",
      "Type": "String",
    },
    "AssetParameters3a503948932f3e25e7921671561d354e9f0426f942436d3f7f9a6c27dab6133aS3Bucket2C87C82B": Object {
      "Description": "S3 bucket for asset \\"3a503948932f3e25e7921671561d354e9f0426f942436d3f7f9a6c27dab6133a\\"",
      "Type": "String",
    },
    "AssetParameters3a503948932f3e25e7921671561d354e9f0426f942436d3f7f9a6c27dab6133aS3VersionKey27897D3C": Object {
      "Description": "S3 key for asset version \\"3a503948932f3e25e7921671561d354e9f0426f942436d3f7f9a6c27dab6133a\\"",
      "Type": "String",
    },
    "AssetParameters44db140d57604e36712f9f3ce6d9eb910dadecbffd2551e63b78162bbdaa5bb3ArtifactHash13AA58A0": Object {
      "Description": "Artifact hash for asset \\"44db140d57604e36712f9f3ce6d9eb910dadecbffd2551e63b78162bbdaa5bb3\\"",
      "Type": "String",
    },
    "AssetParameters44db140d57604e36712f9f3ce6d9eb910dadecbffd2551e63b78162bbdaa5bb3S3Bucket1B9E0AC5": Object {
      "Description": "S3 bucket for asset \\"44db140d57604e36712f9f3ce6d9eb910dadecbffd2551e63b78162bbdaa5bb3\\"",
      "Type": "String",
    },
    "AssetParameters44db140d57604e36712f9f3ce6d9eb910dadecbffd2551e63b78162bbdaa5bb3S3VersionKeyB3AA894D": Object {
      "Description": "S3 key for asset version \\"44db140d57604e36712f9f3ce6d9eb910dadecbffd2551e63b78162bbdaa5bb3\\"",
      "Type": "String",
    },
    "AssetParameters8b1342a89b8f40bfabf80621e4af9aad41a1c12e96a2fd62c14c184e9bd763e5ArtifactHashB09DE7E7": Object {
      "Description": "Artifact hash for asset \\"8b1342a89b8f40bfabf80621e4af9aad41a1c12e96a2fd62c14c184e9bd763e5\\"",
      "Type": "String",
    },
    "AssetParameters8b1342a89b8f40bfabf80621e4af9aad41a1c12e96a2fd62c14c184e9bd763e5S3BucketA02A3FF4": Object {
      "Description": "S3 bucket for asset \\"8b1342a89b8f40bfabf80621e4af9aad41a1c12e96a2fd62c14c184e9bd763e5\\"",
      "Type": "String",
    },
    "AssetParameters8b1342a89b8f40bfabf80621e4af9aad41a1c12e96a2fd62c14c184e9bd763e5S3VersionKey680E6B50": Object {
      "Description": "S3 key for asset version \\"8b1342a89b8f40bfabf80621e4af9aad41a1c12e96a2fd62c14c184e9bd763e5\\"",
      "Type": "String",
    },
    "AssetParametersdae909186e2dbb428cb0ca620d00a6fb38154adbd4a7b82e4db13c7dcee517b8ArtifactHash7AF92D54": Object {
      "Description": "Artifact hash for asset \\"dae909186e2dbb428cb0ca620d00a6fb38154adbd4a7b82e4db13c7dcee517b8\\"",
      "Type": "String",
    },
    "AssetParametersdae909186e2dbb428cb0ca620d00a6fb38154adbd4a7b82e4db13c7dcee517b8S3Bucket20BAA609": Object {
      "Description": "S3 bucket for asset \\"dae909186e2dbb428cb0ca620d00a6fb38154adbd4a7b82e4db13c7dcee517b8\\"",
      "Type": "String",
    },
    "AssetParametersdae909186e2dbb428cb0ca620d00a6fb38154adbd4a7b82e4db13c7dcee517b8S3VersionKey1C9E398F": Object {
      "Description": "S3 key for asset version \\"dae909186e2dbb428cb0ca620d00a6fb38154adbd4a7b82e4db13c7dcee517b8\\"",
      "Type": "String",
    },
    "AssetParametersed4a0f5559a5240f8cb14c70cb00087de13b7d76182b8bb593b9e7a034c90178ArtifactHashF6C6C3F2": Object {
      "Description": "Artifact hash for asset \\"ed4a0f5559a5240f8cb14c70cb00087de13b7d76182b8bb593b9e7a034c90178\\"",
      "Type": "String",
    },
    "AssetParametersed4a0f5559a5240f8cb14c70cb00087de13b7d76182b8bb593b9e7a034c90178S3BucketD0F49844": Object {
      "Description": "S3 bucket for asset \\"ed4a0f5559a5240f8cb14c70cb00087de13b7d76182b8bb593b9e7a034c90178\\"",
      "Type": "String",
    },
    "AssetParametersed4a0f5559a5240f8cb14c70cb00087de13b7d76182b8bb593b9e7a034c90178S3VersionKey2C3C6D65": Object {
      "Description": "S3 key for asset version \\"ed4a0f5559a5240f8cb14c70cb00087de13b7d76182b8bb593b9e7a034c90178\\"",
      "Type": "String",
    },
    "AssetParametersee2bec9c73d510e82af997b9e97aa32e1af119902623c65261b549388319f967ArtifactHash79317187": Object {
      "Description": "Artifact hash for asset \\"ee2bec9c73d510e82af997b9e97aa32e1af119902623c65261b549388319f967\\"",
      "Type": "String",
    },
    "AssetParametersee2bec9c73d510e82af997b9e97aa32e1af119902623c65261b549388319f967S3BucketDAAAA70B": Object {
      "Description": "S3 bucket for asset \\"ee2bec9c73d510e82af997b9e97aa32e1af119902623c65261b549388319f967\\"",
      "Type": "String",
    },
    "AssetParametersee2bec9c73d510e82af997b9e97aa32e1af119902623c65261b549388319f967S3VersionKey22D1286C": Object {
      "Description": "S3 key for asset version \\"ee2bec9c73d510e82af997b9e97aa32e1af119902623c65261b549388319f967\\"",
      "Type": "String",
    },
  },
  "Resources": Object {
    "ScheduleFunctionCreateScheduleFunction839A34E1": Object {
      "DependsOn": Array [
        "ScheduleFunctionCreateScheduleFunctionServiceRole5CB97B76",
      ],
      "Properties": Object {
        "Code": Object {
          "S3Bucket": Object {
            "Ref": "AssetParametersdae909186e2dbb428cb0ca620d00a6fb38154adbd4a7b82e4db13c7dcee517b8S3Bucket20BAA609",
          },
          "S3Key": Object {
            "Fn::Join": Array [
              "",
              Array [
                Object {
                  "Fn::Select": Array [
                    0,
                    Object {
                      "Fn::Split": Array [
                        "||",
                        Object {
                          "Ref": "AssetParametersdae909186e2dbb428cb0ca620d00a6fb38154adbd4a7b82e4db13c7dcee517b8S3VersionKey1C9E398F",
                        },
                      ],
                    },
                  ],
                },
                Object {
                  "Fn::Select": Array [
                    1,
                    Object {
                      "Fn::Split": Array [
                        "||",
                        Object {
                          "Ref": "AssetParametersdae909186e2dbb428cb0ca620d00a6fb38154adbd4a7b82e4db13c7dcee517b8S3VersionKey1C9E398F",
                        },
                      ],
                    },
                  ],
                },
              ],
            ],
          },
        },
        "Environment": Object {
          "Variables": Object {
            "AWS_NODEJS_CONNECTION_REUSE_ENABLED": "1",
            "RECENT_MINUTES": "30",
            "SCHEDULE_TABLE_NAME": Object {
              "Ref": "ScheduleFunctionScheduleTable60883DB8",
            },
            "TARGET_FUNCTIONS_NAME": Object {
              "Fn::Join": Array [
                "",
                Array [
                  "{\\"TestTarget\\":\\"",
                  Object {
                    "Ref": "TestTarget4042A7F7",
                  },
                  "\\"}",
                ],
              ],
            },
          },
        },
        "Handler": "index.handler",
        "Role": Object {
          "Fn::GetAtt": Array [
            "ScheduleFunctionCreateScheduleFunctionServiceRole5CB97B76",
            "Arn",
          ],
        },
        "Runtime": "nodejs14.x",
      },
      "Type": "AWS::Lambda::Function",
    },
    "ScheduleFunctionCreateScheduleFunctionServiceRole5CB97B76": Object {
      "Properties": Object {
        "AssumeRolePolicyDocument": Object {
          "Statement": Array [
            Object {
              "Action": "sts:AssumeRole",
              "Effect": "Allow",
              "Principal": Object {
                "Service": "lambda.amazonaws.com",
              },
            },
          ],
          "Version": "2012-10-17",
        },
        "ManagedPolicyArns": Array [
          Object {
            "Fn::Join": Array [
              "",
              Array [
                "arn:",
                Object {
                  "Ref": "AWS::Partition",
                },
                ":iam::aws:policy/service-role/AWSLambdaBasicExecutionRole",
              ],
            ],
          },
        ],
      },
      "Type": "AWS::IAM::Role",
    },
    "ScheduleFunctionDeleteScheduleFunctionC18DF41E": Object {
      "DependsOn": Array [
        "ScheduleFunctionDeleteScheduleFunctionServiceRoleE5D76AB9",
      ],
      "Properties": Object {
        "Code": Object {
          "S3Bucket": Object {
            "Ref": "AssetParametersed4a0f5559a5240f8cb14c70cb00087de13b7d76182b8bb593b9e7a034c90178S3BucketD0F49844",
          },
          "S3Key": Object {
            "Fn::Join": Array [
              "",
              Array [
                Object {
                  "Fn::Select": Array [
                    0,
                    Object {
                      "Fn::Split": Array [
                        "||",
                        Object {
                          "Ref": "AssetParametersed4a0f5559a5240f8cb14c70cb00087de13b7d76182b8bb593b9e7a034c90178S3VersionKey2C3C6D65",
                        },
                      ],
                    },
                  ],
                },
                Object {
                  "Fn::Select": Array [
                    1,
                    Object {
                      "Fn::Split": Array [
                        "||",
                        Object {
                          "Ref": "AssetParametersed4a0f5559a5240f8cb14c70cb00087de13b7d76182b8bb593b9e7a034c90178S3VersionKey2C3C6D65",
                        },
                      ],
                    },
                  ],
                },
              ],
            ],
          },
        },
        "Environment": Object {
          "Variables": Object {
            "AWS_NODEJS_CONNECTION_REUSE_ENABLED": "1",
            "SCHEDULE_TABLE_NAME": Object {
              "Ref": "ScheduleFunctionScheduleTable60883DB8",
            },
          },
        },
        "Handler": "index.handler",
        "Role": Object {
          "Fn::GetAtt": Array [
            "ScheduleFunctionDeleteScheduleFunctionServiceRoleE5D76AB9",
            "Arn",
          ],
        },
        "Runtime": "nodejs14.x",
      },
      "Type": "AWS::Lambda::Function",
    },
    "ScheduleFunctionDeleteScheduleFunctionServiceRoleE5D76AB9": Object {
      "Properties": Object {
        "AssumeRolePolicyDocument": Object {
          "Statement": Array [
            Object {
              "Action": "sts:AssumeRole",
              "Effect": "Allow",
              "Principal": Object {
                "Service": "lambda.amazonaws.com",
              },
            },
          ],
          "Version": "2012-10-17",
        },
        "ManagedPolicyArns": Array [
          Object {
            "Fn::Join": Array [
              "",
              Array [
                "arn:",
                Object {
                  "Ref": "AWS::Partition",
                },
                ":iam::aws:policy/service-role/AWSLambdaBasicExecutionRole",
              ],
            ],
          },
        ],
      },
      "Type": "AWS::IAM::Role",
    },
    "ScheduleFunctionDispatchTargetFunction6A796318": Object {
      "DependsOn": Array [
        "ScheduleFunctionDispatchTargetFunctionServiceRole89FC967C",
      ],
      "Properties": Object {
        "Code": Object {
          "S3Bucket": Object {
            "Ref": "AssetParameters44db140d57604e36712f9f3ce6d9eb910dadecbffd2551e63b78162bbdaa5bb3S3Bucket1B9E0AC5",
          },
          "S3Key": Object {
            "Fn::Join": Array [
              "",
              Array [
                Object {
                  "Fn::Select": Array [
                    0,
                    Object {
                      "Fn::Split": Array [
                        "||",
                        Object {
                          "Ref": "AssetParameters44db140d57604e36712f9f3ce6d9eb910dadecbffd2551e63b78162bbdaa5bb3S3VersionKeyB3AA894D",
                        },
                      ],
                    },
                  ],
                },
                Object {
                  "Fn::Select": Array [
                    1,
                    Object {
                      "Fn::Split": Array [
                        "||",
                        Object {
                          "Ref": "AssetParameters44db140d57604e36712f9f3ce6d9eb910dadecbffd2551e63b78162bbdaa5bb3S3VersionKeyB3AA894D",
                        },
                      ],
                    },
                  ],
                },
              ],
            ],
          },
        },
        "Environment": Object {
          "Variables": Object {
            "AWS_NODEJS_CONNECTION_REUSE_ENABLED": "1",
            "SCHEDULE_TABLE_NAME": Object {
              "Ref": "ScheduleFunctionScheduleTable60883DB8",
            },
            "TARGET_FUNCTIONS_NAME": Object {
              "Fn::Join": Array [
                "",
                Array [
                  "{\\"TestTarget\\":\\"",
                  Object {
                    "Ref": "TestTarget4042A7F7",
                  },
                  "\\"}",
                ],
              ],
            },
          },
        },
        "Handler": "index.handler",
        "Role": Object {
          "Fn::GetAtt": Array [
            "ScheduleFunctionDispatchTargetFunctionServiceRole89FC967C",
            "Arn",
          ],
        },
        "Runtime": "nodejs14.x",
        "Timeout": 30,
      },
      "Type": "AWS::Lambda::Function",
    },
    "ScheduleFunctionDispatchTargetFunctionServiceRole89FC967C": Object {
      "Properties": Object {
        "AssumeRolePolicyDocument": Object {
          "Statement": Array [
            Object {
              "Action": "sts:AssumeRole",
              "Effect": "Allow",
              "Principal": Object {
                "Service": "lambda.amazonaws.com",
              },
            },
          ],
          "Version": "2012-10-17",
        },
        "ManagedPolicyArns": Array [
          Object {
            "Fn::Join": Array [
              "",
              Array [
                "arn:",
                Object {
                  "Ref": "AWS::Partition",
                },
                ":iam::aws:policy/service-role/AWSLambdaBasicExecutionRole",
              ],
            ],
          },
        ],
      },
      "Type": "AWS::IAM::Role",
    },
    "ScheduleFunctionDispatchTargetRuleAllowEventRuledemostackScheduleFunctionDispatchTargetFunction046F149B139F2B36": Object {
      "Properties": Object {
        "Action": "lambda:InvokeFunction",
        "FunctionName": Object {
          "Fn::GetAtt": Array [
            "ScheduleFunctionDispatchTargetFunction6A796318",
            "Arn",
          ],
        },
        "Principal": "events.amazonaws.com",
        "SourceArn": Object {
          "Fn::GetAtt": Array [
            "ScheduleFunctionDispatchTargetRuleE8DBE1C8",
            "Arn",
          ],
        },
      },
      "Type": "AWS::Lambda::Permission",
    },
    "ScheduleFunctionDispatchTargetRuleE8DBE1C8": Object {
      "Properties": Object {
        "ScheduleExpression": "rate(1 minute)",
        "State": "ENABLED",
        "Targets": Array [
          Object {
            "Arn": Object {
              "Fn::GetAtt": Array [
                "ScheduleFunctionDispatchTargetFunction6A796318",
                "Arn",
              ],
            },
            "Id": "Target0",
          },
        ],
      },
      "Type": "AWS::Events::Rule",
    },
    "ScheduleFunctionFetchScheduleFunctionD70172FC": Object {
      "DependsOn": Array [
        "ScheduleFunctionFetchScheduleFunctionServiceRole0891609B",
      ],
      "Properties": Object {
        "Code": Object {
          "S3Bucket": Object {
            "Ref": "AssetParameters8b1342a89b8f40bfabf80621e4af9aad41a1c12e96a2fd62c14c184e9bd763e5S3BucketA02A3FF4",
          },
          "S3Key": Object {
            "Fn::Join": Array [
              "",
              Array [
                Object {
                  "Fn::Select": Array [
                    0,
                    Object {
                      "Fn::Split": Array [
                        "||",
                        Object {
                          "Ref": "AssetParameters8b1342a89b8f40bfabf80621e4af9aad41a1c12e96a2fd62c14c184e9bd763e5S3VersionKey680E6B50",
                        },
                      ],
                    },
                  ],
                },
                Object {
                  "Fn::Select": Array [
                    1,
                    Object {
                      "Fn::Split": Array [
                        "||",
                        Object {
                          "Ref": "AssetParameters8b1342a89b8f40bfabf80621e4af9aad41a1c12e96a2fd62c14c184e9bd763e5S3VersionKey680E6B50",
                        },
                      ],
                    },
                  ],
                },
              ],
            ],
          },
        },
        "Environment": Object {
          "Variables": Object {
            "AWS_NODEJS_CONNECTION_REUSE_ENABLED": "1",
            "SCHEDULE_TABLE_NAME": Object {
              "Ref": "ScheduleFunctionScheduleTable60883DB8",
            },
          },
        },
        "Handler": "index.handler",
        "Role": Object {
          "Fn::GetAtt": Array [
            "ScheduleFunctionFetchScheduleFunctionServiceRole0891609B",
            "Arn",
          ],
        },
        "Runtime": "nodejs14.x",
      },
      "Type": "AWS::Lambda::Function",
    },
    "ScheduleFunctionFetchScheduleFunctionServiceRole0891609B": Object {
      "Properties": Object {
        "AssumeRolePolicyDocument": Object {
          "Statement": Array [
            Object {
              "Action": "sts:AssumeRole",
              "Effect": "Allow",
              "Principal": Object {
                "Service": "lambda.amazonaws.com",
              },
            },
          ],
          "Version": "2012-10-17",
        },
        "ManagedPolicyArns": Array [
          Object {
            "Fn::Join": Array [
              "",
              Array [
                "arn:",
                Object {
                  "Ref": "AWS::Partition",
                },
                ":iam::aws:policy/service-role/AWSLambdaBasicExecutionRole",
              ],
            ],
          },
        ],
      },
      "Type": "AWS::IAM::Role",
    },
    "ScheduleFunctionListScheduleFunction45B7EF79": Object {
      "DependsOn": Array [
        "ScheduleFunctionListScheduleFunctionServiceRole5EA5341C",
      ],
      "Properties": Object {
        "Code": Object {
          "S3Bucket": Object {
            "Ref": "AssetParameters3a503948932f3e25e7921671561d354e9f0426f942436d3f7f9a6c27dab6133aS3Bucket2C87C82B",
          },
          "S3Key": Object {
            "Fn::Join": Array [
              "",
              Array [
                Object {
                  "Fn::Select": Array [
                    0,
                    Object {
                      "Fn::Split": Array [
                        "||",
                        Object {
                          "Ref": "AssetParameters3a503948932f3e25e7921671561d354e9f0426f942436d3f7f9a6c27dab6133aS3VersionKey27897D3C",
                        },
                      ],
                    },
                  ],
                },
                Object {
                  "Fn::Select": Array [
                    1,
                    Object {
                      "Fn::Split": Array [
                        "||",
                        Object {
                          "Ref": "AssetParameters3a503948932f3e25e7921671561d354e9f0426f942436d3f7f9a6c27dab6133aS3VersionKey27897D3C",
                        },
                      ],
                    },
                  ],
                },
              ],
            ],
          },
        },
        "Environment": Object {
          "Variables": Object {
            "AWS_NODEJS_CONNECTION_REUSE_ENABLED": "1",
            "SCHEDULE_TABLE_NAME": Object {
              "Ref": "ScheduleFunctionScheduleTable60883DB8",
            },
          },
        },
        "Handler": "index.handler",
        "Role": Object {
          "Fn::GetAtt": Array [
            "ScheduleFunctionListScheduleFunctionServiceRole5EA5341C",
            "Arn",
          ],
        },
        "Runtime": "nodejs14.x",
      },
      "Type": "AWS::Lambda::Function",
    },
    "ScheduleFunctionListScheduleFunctionServiceRole5EA5341C": Object {
      "Properties": Object {
        "AssumeRolePolicyDocument": Object {
          "Statement": Array [
            Object {
              "Action": "sts:AssumeRole",
              "Effect": "Allow",
              "Principal": Object {
                "Service": "lambda.amazonaws.com",
              },
            },
          ],
          "Version": "2012-10-17",
        },
        "ManagedPolicyArns": Array [
          Object {
            "Fn::Join": Array [
              "",
              Array [
                "arn:",
                Object {
                  "Ref": "AWS::Partition",
                },
                ":iam::aws:policy/service-role/AWSLambdaBasicExecutionRole",
              ],
            ],
          },
        ],
      },
      "Type": "AWS::IAM::Role",
    },
    "ScheduleFunctionScheduleTable60883DB8": Object {
      "DeletionPolicy": "Retain",
      "Properties": Object {
        "AttributeDefinitions": Array [
          Object {
            "AttributeName": "scheduleId",
            "AttributeType": "S",
          },
          Object {
            "AttributeName": "scheduledAt",
            "AttributeType": "S",
          },
          Object {
            "AttributeName": "targetType",
            "AttributeType": "S",
          },
          Object {
            "AttributeName": "targetId",
            "AttributeType": "S",
          },
        ],
        "GlobalSecondaryIndexes": Array [
          Object {
            "IndexName": "Query-By-ScheduledAt",
            "KeySchema": Array [
              Object {
                "AttributeName": "scheduledAt",
                "KeyType": "HASH",
              },
            ],
            "Projection": Object {
              "ProjectionType": "ALL",
            },
            "ProvisionedThroughput": Object {
              "ReadCapacityUnits": 1,
              "WriteCapacityUnits": 1,
            },
          },
          Object {
            "IndexName": "Query-By-TargetType",
            "KeySchema": Array [
              Object {
                "AttributeName": "targetType",
                "KeyType": "HASH",
              },
            ],
            "Projection": Object {
              "ProjectionType": "ALL",
            },
            "ProvisionedThroughput": Object {
              "ReadCapacityUnits": 1,
              "WriteCapacityUnits": 1,
            },
          },
          Object {
            "IndexName": "Query-By-TargetId",
            "KeySchema": Array [
              Object {
                "AttributeName": "targetId",
                "KeyType": "HASH",
              },
            ],
            "Projection": Object {
              "ProjectionType": "ALL",
            },
            "ProvisionedThroughput": Object {
              "ReadCapacityUnits": 1,
              "WriteCapacityUnits": 1,
            },
          },
        ],
        "KeySchema": Array [
          Object {
            "AttributeName": "scheduleId",
            "KeyType": "HASH",
          },
        ],
        "ProvisionedThroughput": Object {
          "ReadCapacityUnits": 1,
          "WriteCapacityUnits": 1,
        },
      },
      "Type": "AWS::DynamoDB::Table",
      "UpdateReplacePolicy": "Retain",
    },
    "ScheduleFunctionUpdateScheduleFunction2DA1CD25": Object {
      "DependsOn": Array [
        "ScheduleFunctionUpdateScheduleFunctionServiceRoleCAC6BD24",
      ],
      "Properties": Object {
        "Code": Object {
          "S3Bucket": Object {
            "Ref": "AssetParametersee2bec9c73d510e82af997b9e97aa32e1af119902623c65261b549388319f967S3BucketDAAAA70B",
          },
          "S3Key": Object {
            "Fn::Join": Array [
              "",
              Array [
                Object {
                  "Fn::Select": Array [
                    0,
                    Object {
                      "Fn::Split": Array [
                        "||",
                        Object {
                          "Ref": "AssetParametersee2bec9c73d510e82af997b9e97aa32e1af119902623c65261b549388319f967S3VersionKey22D1286C",
                        },
                      ],
                    },
                  ],
                },
                Object {
                  "Fn::Select": Array [
                    1,
                    Object {
                      "Fn::Split": Array [
                        "||",
                        Object {
                          "Ref": "AssetParametersee2bec9c73d510e82af997b9e97aa32e1af119902623c65261b549388319f967S3VersionKey22D1286C",
                        },
                      ],
                    },
                  ],
                },
              ],
            ],
          },
        },
        "Environment": Object {
          "Variables": Object {
            "AWS_NODEJS_CONNECTION_REUSE_ENABLED": "1",
            "SCHEDULE_TABLE_NAME": Object {
              "Ref": "ScheduleFunctionScheduleTable60883DB8",
            },
          },
        },
        "Handler": "index.handler",
        "Role": Object {
          "Fn::GetAtt": Array [
            "ScheduleFunctionUpdateScheduleFunctionServiceRoleCAC6BD24",
            "Arn",
          ],
        },
        "Runtime": "nodejs14.x",
      },
      "Type": "AWS::Lambda::Function",
    },
    "ScheduleFunctionUpdateScheduleFunctionServiceRoleCAC6BD24": Object {
      "Properties": Object {
        "AssumeRolePolicyDocument": Object {
          "Statement": Array [
            Object {
              "Action": "sts:AssumeRole",
              "Effect": "Allow",
              "Principal": Object {
                "Service": "lambda.amazonaws.com",
              },
            },
          ],
          "Version": "2012-10-17",
        },
        "ManagedPolicyArns": Array [
          Object {
            "Fn::Join": Array [
              "",
              Array [
                "arn:",
                Object {
                  "Ref": "AWS::Partition",
                },
                ":iam::aws:policy/service-role/AWSLambdaBasicExecutionRole",
              ],
            ],
          },
        ],
      },
      "Type": "AWS::IAM::Role",
    },
    "ScheduleFunctiondeleteschedulepolicy0E23AE84": Object {
      "Properties": Object {
        "PolicyDocument": Object {
          "Statement": Array [
            Object {
              "Action": Array [
                "dynamodb:GetItem",
                "dynamodb:DeleteItem",
              ],
              "Effect": "Allow",
              "Resource": Object {
                "Fn::GetAtt": Array [
                  "ScheduleFunctionScheduleTable60883DB8",
                  "Arn",
                ],
              },
            },
          ],
          "Version": "2012-10-17",
        },
        "PolicyName": "ScheduleFunctiondeleteschedulepolicy0E23AE84",
        "Roles": Array [
          Object {
            "Ref": "ScheduleFunctionDeleteScheduleFunctionServiceRoleE5D76AB9",
          },
        ],
      },
      "Type": "AWS::IAM::Policy",
    },
    "ScheduleFunctiondispatchschedulepolicy7AE2621D": Object {
      "Properties": Object {
        "PolicyDocument": Object {
          "Statement": Array [
            Object {
              "Action": Array [
                "dynamodb:Query",
                "dynamodb:UpdateItem",
              ],
              "Effect": "Allow",
              "Resource": Array [
                Object {
                  "Fn::GetAtt": Array [
                    "ScheduleFunctionScheduleTable60883DB8",
                    "Arn",
                  ],
                },
                Object {
                  "Fn::Join": Array [
                    "",
                    Array [
                      Object {
                        "Fn::GetAtt": Array [
                          "ScheduleFunctionScheduleTable60883DB8",
                          "Arn",
                        ],
                      },
                      "/index/Query-By-ScheduledAt",
                    ],
                  ],
                },
              ],
            },
            Object {
              "Action": "lambda:InvokeFunction",
              "Effect": "Allow",
              "Resource": Array [
                Object {
                  "Fn::GetAtt": Array [
                    "TestTarget4042A7F7",
                    "Arn",
                  ],
                },
              ],
            },
          ],
          "Version": "2012-10-17",
        },
        "PolicyName": "ScheduleFunctiondispatchschedulepolicy7AE2621D",
        "Roles": Array [
          Object {
            "Ref": "ScheduleFunctionDispatchTargetFunctionServiceRole89FC967C",
          },
        ],
      },
      "Type": "AWS::IAM::Policy",
    },
    "ScheduleFunctionfetchschedulepolicy9B976A4F": Object {
      "Properties": Object {
        "PolicyDocument": Object {
          "Statement": Array [
            Object {
              "Action": "dynamodb:GetItem",
              "Effect": "Allow",
              "Resource": Object {
                "Fn::GetAtt": Array [
                  "ScheduleFunctionScheduleTable60883DB8",
                  "Arn",
                ],
              },
            },
          ],
          "Version": "2012-10-17",
        },
        "PolicyName": "ScheduleFunctionfetchschedulepolicy9B976A4F",
        "Roles": Array [
          Object {
            "Ref": "ScheduleFunctionFetchScheduleFunctionServiceRole0891609B",
          },
        ],
      },
      "Type": "AWS::IAM::Policy",
    },
    "ScheduleFunctionlistschedulespolicy36680AA3": Object {
      "Properties": Object {
        "PolicyDocument": Object {
          "Statement": Array [
            Object {
              "Action": Array [
                "dynamodb:Query",
                "dynamodb:Scan",
              ],
              "Effect": "Allow",
              "Resource": Object {
                "Fn::GetAtt": Array [
                  "ScheduleFunctionScheduleTable60883DB8",
                  "Arn",
                ],
              },
            },
          ],
          "Version": "2012-10-17",
        },
        "PolicyName": "ScheduleFunctionlistschedulespolicy36680AA3",
        "Roles": Array [
          Object {
            "Ref": "ScheduleFunctionListScheduleFunctionServiceRole5EA5341C",
          },
        ],
      },
      "Type": "AWS::IAM::Policy",
    },
    "ScheduleFunctionputschedulepolicy9BCF4420": Object {
      "Properties": Object {
        "PolicyDocument": Object {
          "Statement": Array [
            Object {
              "Action": "dynamodb:BatchWriteItem",
              "Effect": "Allow",
              "Resource": Object {
                "Fn::GetAtt": Array [
                  "ScheduleFunctionScheduleTable60883DB8",
                  "Arn",
                ],
              },
            },
          ],
          "Version": "2012-10-17",
        },
        "PolicyName": "ScheduleFunctionputschedulepolicy9BCF4420",
        "Roles": Array [
          Object {
            "Ref": "ScheduleFunctionCreateScheduleFunctionServiceRole5CB97B76",
          },
        ],
      },
      "Type": "AWS::IAM::Policy",
    },
    "ScheduleFunctionupdateschedulepolicy9AC28D81": Object {
      "Properties": Object {
        "PolicyDocument": Object {
          "Statement": Array [
            Object {
              "Action": Array [
                "dynamodb:GetItem",
                "dynamodb:UpdateItem",
              ],
              "Effect": "Allow",
              "Resource": Object {
                "Fn::GetAtt": Array [
                  "ScheduleFunctionScheduleTable60883DB8",
                  "Arn",
                ],
              },
            },
          ],
          "Version": "2012-10-17",
        },
        "PolicyName": "ScheduleFunctionupdateschedulepolicy9AC28D81",
        "Roles": Array [
          Object {
            "Ref": "ScheduleFunctionUpdateScheduleFunctionServiceRoleCAC6BD24",
          },
        ],
      },
      "Type": "AWS::IAM::Policy",
    },
    "TestTarget4042A7F7": Object {
      "DependsOn": Array [
        "TestTargetServiceRoleED06BFE8",
      ],
      "Properties": Object {
        "Code": Object {
          "ZipFile": "
      export async function handler() {
        return {
          success: true,
          result: event.context,
        };
      }
    ",
        },
        "Handler": "index.handler",
        "Role": Object {
          "Fn::GetAtt": Array [
            "TestTargetServiceRoleED06BFE8",
            "Arn",
          ],
        },
        "Runtime": "nodejs12.x",
      },
      "Type": "AWS::Lambda::Function",
    },
    "TestTargetServiceRoleED06BFE8": Object {
      "Properties": Object {
        "AssumeRolePolicyDocument": Object {
          "Statement": Array [
            Object {
              "Action": "sts:AssumeRole",
              "Effect": "Allow",
              "Principal": Object {
                "Service": "lambda.amazonaws.com",
              },
            },
          ],
          "Version": "2012-10-17",
        },
        "ManagedPolicyArns": Array [
          Object {
            "Fn::Join": Array [
              "",
              Array [
                "arn:",
                Object {
                  "Ref": "AWS::Partition",
                },
                ":iam::aws:policy/service-role/AWSLambdaBasicExecutionRole",
              ],
            ],
          },
        ],
      },
      "Type": "AWS::IAM::Role",
    },
  },
}
`;
