// Jest Snapshot v1, https://goo.gl/fbAQLP

exports[`minimal usage 1`] = `
Object {
  "Parameters": Object {
    "AssetParameters271a8373a9ef6b7516a180e6ca5c6d5d2195a11ce3997b77692fd596f2fd8d2dArtifactHashCC1BEC1B": Object {
      "Description": "Artifact hash for asset \\"271a8373a9ef6b7516a180e6ca5c6d5d2195a11ce3997b77692fd596f2fd8d2d\\"",
      "Type": "String",
    },
    "AssetParameters271a8373a9ef6b7516a180e6ca5c6d5d2195a11ce3997b77692fd596f2fd8d2dS3Bucket91B2C74A": Object {
      "Description": "S3 bucket for asset \\"271a8373a9ef6b7516a180e6ca5c6d5d2195a11ce3997b77692fd596f2fd8d2d\\"",
      "Type": "String",
    },
    "AssetParameters271a8373a9ef6b7516a180e6ca5c6d5d2195a11ce3997b77692fd596f2fd8d2dS3VersionKey0E7D94DF": Object {
      "Description": "S3 key for asset version \\"271a8373a9ef6b7516a180e6ca5c6d5d2195a11ce3997b77692fd596f2fd8d2d\\"",
      "Type": "String",
    },
    "AssetParameters41488a49f38879f971a73fb806f3f3aeeb01d758ab72d8eef37ef24a70ec9dffArtifactHash14D5EF33": Object {
      "Description": "Artifact hash for asset \\"41488a49f38879f971a73fb806f3f3aeeb01d758ab72d8eef37ef24a70ec9dff\\"",
      "Type": "String",
    },
    "AssetParameters41488a49f38879f971a73fb806f3f3aeeb01d758ab72d8eef37ef24a70ec9dffS3Bucket024F846B": Object {
      "Description": "S3 bucket for asset \\"41488a49f38879f971a73fb806f3f3aeeb01d758ab72d8eef37ef24a70ec9dff\\"",
      "Type": "String",
    },
    "AssetParameters41488a49f38879f971a73fb806f3f3aeeb01d758ab72d8eef37ef24a70ec9dffS3VersionKey6EE88897": Object {
      "Description": "S3 key for asset version \\"41488a49f38879f971a73fb806f3f3aeeb01d758ab72d8eef37ef24a70ec9dff\\"",
      "Type": "String",
    },
    "AssetParameters670eb8be057d4f73f49144a6113322d99794606e68049f5129bbcd5a39e4b7eaArtifactHash9E0B394B": Object {
      "Description": "Artifact hash for asset \\"670eb8be057d4f73f49144a6113322d99794606e68049f5129bbcd5a39e4b7ea\\"",
      "Type": "String",
    },
    "AssetParameters670eb8be057d4f73f49144a6113322d99794606e68049f5129bbcd5a39e4b7eaS3Bucket8F5713FA": Object {
      "Description": "S3 bucket for asset \\"670eb8be057d4f73f49144a6113322d99794606e68049f5129bbcd5a39e4b7ea\\"",
      "Type": "String",
    },
    "AssetParameters670eb8be057d4f73f49144a6113322d99794606e68049f5129bbcd5a39e4b7eaS3VersionKeyEE707AE1": Object {
      "Description": "S3 key for asset version \\"670eb8be057d4f73f49144a6113322d99794606e68049f5129bbcd5a39e4b7ea\\"",
      "Type": "String",
    },
    "AssetParameters7127936f5e2047d396ba435edc5fdb865c77f36c0cf85c5d0766c8cbc25b7755ArtifactHash5C02DCD2": Object {
      "Description": "Artifact hash for asset \\"7127936f5e2047d396ba435edc5fdb865c77f36c0cf85c5d0766c8cbc25b7755\\"",
      "Type": "String",
    },
    "AssetParameters7127936f5e2047d396ba435edc5fdb865c77f36c0cf85c5d0766c8cbc25b7755S3Bucket289F1375": Object {
      "Description": "S3 bucket for asset \\"7127936f5e2047d396ba435edc5fdb865c77f36c0cf85c5d0766c8cbc25b7755\\"",
      "Type": "String",
    },
    "AssetParameters7127936f5e2047d396ba435edc5fdb865c77f36c0cf85c5d0766c8cbc25b7755S3VersionKeyC3AC569F": Object {
      "Description": "S3 key for asset version \\"7127936f5e2047d396ba435edc5fdb865c77f36c0cf85c5d0766c8cbc25b7755\\"",
      "Type": "String",
    },
    "AssetParametersadb1a1a303988964786a728d6088880252b9061bfee18019b088fd73ae234b8cArtifactHash3CD2C3A6": Object {
      "Description": "Artifact hash for asset \\"adb1a1a303988964786a728d6088880252b9061bfee18019b088fd73ae234b8c\\"",
      "Type": "String",
    },
    "AssetParametersadb1a1a303988964786a728d6088880252b9061bfee18019b088fd73ae234b8cS3BucketDB9C2F08": Object {
      "Description": "S3 bucket for asset \\"adb1a1a303988964786a728d6088880252b9061bfee18019b088fd73ae234b8c\\"",
      "Type": "String",
    },
    "AssetParametersadb1a1a303988964786a728d6088880252b9061bfee18019b088fd73ae234b8cS3VersionKey4DFB0070": Object {
      "Description": "S3 key for asset version \\"adb1a1a303988964786a728d6088880252b9061bfee18019b088fd73ae234b8c\\"",
      "Type": "String",
    },
    "AssetParametersb626194fcf9f7c79f343adea8e3e469293d180730e656eb1449f2077b6e52e74ArtifactHash48024474": Object {
      "Description": "Artifact hash for asset \\"b626194fcf9f7c79f343adea8e3e469293d180730e656eb1449f2077b6e52e74\\"",
      "Type": "String",
    },
    "AssetParametersb626194fcf9f7c79f343adea8e3e469293d180730e656eb1449f2077b6e52e74S3Bucket4E5F80DA": Object {
      "Description": "S3 bucket for asset \\"b626194fcf9f7c79f343adea8e3e469293d180730e656eb1449f2077b6e52e74\\"",
      "Type": "String",
    },
    "AssetParametersb626194fcf9f7c79f343adea8e3e469293d180730e656eb1449f2077b6e52e74S3VersionKeyAA3E93BE": Object {
      "Description": "S3 key for asset version \\"b626194fcf9f7c79f343adea8e3e469293d180730e656eb1449f2077b6e52e74\\"",
      "Type": "String",
    },
  },
  "Resources": Object {
    "ScheduleFunctionCreateScheduleFunction839A34E1": Object {
      "DependsOn": Array [
        "ScheduleFunctionCreateScheduleFunctionServiceRole5CB97B76",
      ],
      "Properties": Object {
        "Code": Object {
          "S3Bucket": Object {
            "Ref": "AssetParameters41488a49f38879f971a73fb806f3f3aeeb01d758ab72d8eef37ef24a70ec9dffS3Bucket024F846B",
          },
          "S3Key": Object {
            "Fn::Join": Array [
              "",
              Array [
                Object {
                  "Fn::Select": Array [
                    0,
                    Object {
                      "Fn::Split": Array [
                        "||",
                        Object {
                          "Ref": "AssetParameters41488a49f38879f971a73fb806f3f3aeeb01d758ab72d8eef37ef24a70ec9dffS3VersionKey6EE88897",
                        },
                      ],
                    },
                  ],
                },
                Object {
                  "Fn::Select": Array [
                    1,
                    Object {
                      "Fn::Split": Array [
                        "||",
                        Object {
                          "Ref": "AssetParameters41488a49f38879f971a73fb806f3f3aeeb01d758ab72d8eef37ef24a70ec9dffS3VersionKey6EE88897",
                        },
                      ],
                    },
                  ],
                },
              ],
            ],
          },
        },
        "Environment": Object {
          "Variables": Object {
            "AWS_NODEJS_CONNECTION_REUSE_ENABLED": "1",
            "RECENT_MINUTES": "30",
            "SCHEDULE_TABLE_NAME": Object {
              "Ref": "ScheduleFunctionScheduleTable60883DB8",
            },
            "TARGET_FUNCTIONS_NAME": Object {
              "Fn::Join": Array [
                "",
                Array [
                  "{\\"TestTarget\\":\\"",
                  Object {
                    "Ref": "TestTarget4042A7F7",
                  },
                  "\\"}",
                ],
              ],
            },
          },
        },
        "Handler": "index.handler",
        "Role": Object {
          "Fn::GetAtt": Array [
            "ScheduleFunctionCreateScheduleFunctionServiceRole5CB97B76",
            "Arn",
          ],
        },
        "Runtime": "nodejs14.x",
      },
      "Type": "AWS::Lambda::Function",
    },
    "ScheduleFunctionCreateScheduleFunctionServiceRole5CB97B76": Object {
      "Properties": Object {
        "AssumeRolePolicyDocument": Object {
          "Statement": Array [
            Object {
              "Action": "sts:AssumeRole",
              "Effect": "Allow",
              "Principal": Object {
                "Service": "lambda.amazonaws.com",
              },
            },
          ],
          "Version": "2012-10-17",
        },
        "ManagedPolicyArns": Array [
          Object {
            "Fn::Join": Array [
              "",
              Array [
                "arn:",
                Object {
                  "Ref": "AWS::Partition",
                },
                ":iam::aws:policy/service-role/AWSLambdaBasicExecutionRole",
              ],
            ],
          },
        ],
      },
      "Type": "AWS::IAM::Role",
    },
    "ScheduleFunctionDeleteScheduleFunctionC18DF41E": Object {
      "DependsOn": Array [
        "ScheduleFunctionDeleteScheduleFunctionServiceRoleE5D76AB9",
      ],
      "Properties": Object {
        "Code": Object {
          "S3Bucket": Object {
            "Ref": "AssetParameters7127936f5e2047d396ba435edc5fdb865c77f36c0cf85c5d0766c8cbc25b7755S3Bucket289F1375",
          },
          "S3Key": Object {
            "Fn::Join": Array [
              "",
              Array [
                Object {
                  "Fn::Select": Array [
                    0,
                    Object {
                      "Fn::Split": Array [
                        "||",
                        Object {
                          "Ref": "AssetParameters7127936f5e2047d396ba435edc5fdb865c77f36c0cf85c5d0766c8cbc25b7755S3VersionKeyC3AC569F",
                        },
                      ],
                    },
                  ],
                },
                Object {
                  "Fn::Select": Array [
                    1,
                    Object {
                      "Fn::Split": Array [
                        "||",
                        Object {
                          "Ref": "AssetParameters7127936f5e2047d396ba435edc5fdb865c77f36c0cf85c5d0766c8cbc25b7755S3VersionKeyC3AC569F",
                        },
                      ],
                    },
                  ],
                },
              ],
            ],
          },
        },
        "Environment": Object {
          "Variables": Object {
            "AWS_NODEJS_CONNECTION_REUSE_ENABLED": "1",
            "SCHEDULE_TABLE_NAME": Object {
              "Ref": "ScheduleFunctionScheduleTable60883DB8",
            },
          },
        },
        "Handler": "index.handler",
        "Role": Object {
          "Fn::GetAtt": Array [
            "ScheduleFunctionDeleteScheduleFunctionServiceRoleE5D76AB9",
            "Arn",
          ],
        },
        "Runtime": "nodejs14.x",
      },
      "Type": "AWS::Lambda::Function",
    },
    "ScheduleFunctionDeleteScheduleFunctionServiceRoleE5D76AB9": Object {
      "Properties": Object {
        "AssumeRolePolicyDocument": Object {
          "Statement": Array [
            Object {
              "Action": "sts:AssumeRole",
              "Effect": "Allow",
              "Principal": Object {
                "Service": "lambda.amazonaws.com",
              },
            },
          ],
          "Version": "2012-10-17",
        },
        "ManagedPolicyArns": Array [
          Object {
            "Fn::Join": Array [
              "",
              Array [
                "arn:",
                Object {
                  "Ref": "AWS::Partition",
                },
                ":iam::aws:policy/service-role/AWSLambdaBasicExecutionRole",
              ],
            ],
          },
        ],
      },
      "Type": "AWS::IAM::Role",
    },
    "ScheduleFunctionDispatchTargetFunction6A796318": Object {
      "DependsOn": Array [
        "ScheduleFunctionDispatchTargetFunctionServiceRole89FC967C",
      ],
      "Properties": Object {
        "Code": Object {
          "S3Bucket": Object {
            "Ref": "AssetParameters271a8373a9ef6b7516a180e6ca5c6d5d2195a11ce3997b77692fd596f2fd8d2dS3Bucket91B2C74A",
          },
          "S3Key": Object {
            "Fn::Join": Array [
              "",
              Array [
                Object {
                  "Fn::Select": Array [
                    0,
                    Object {
                      "Fn::Split": Array [
                        "||",
                        Object {
                          "Ref": "AssetParameters271a8373a9ef6b7516a180e6ca5c6d5d2195a11ce3997b77692fd596f2fd8d2dS3VersionKey0E7D94DF",
                        },
                      ],
                    },
                  ],
                },
                Object {
                  "Fn::Select": Array [
                    1,
                    Object {
                      "Fn::Split": Array [
                        "||",
                        Object {
                          "Ref": "AssetParameters271a8373a9ef6b7516a180e6ca5c6d5d2195a11ce3997b77692fd596f2fd8d2dS3VersionKey0E7D94DF",
                        },
                      ],
                    },
                  ],
                },
              ],
            ],
          },
        },
        "Environment": Object {
          "Variables": Object {
            "AWS_NODEJS_CONNECTION_REUSE_ENABLED": "1",
            "SCHEDULE_TABLE_NAME": Object {
              "Ref": "ScheduleFunctionScheduleTable60883DB8",
            },
            "TARGET_FUNCTIONS_NAME": Object {
              "Fn::Join": Array [
                "",
                Array [
                  "{\\"TestTarget\\":\\"",
                  Object {
                    "Ref": "TestTarget4042A7F7",
                  },
                  "\\"}",
                ],
              ],
            },
          },
        },
        "Handler": "index.handler",
        "Role": Object {
          "Fn::GetAtt": Array [
            "ScheduleFunctionDispatchTargetFunctionServiceRole89FC967C",
            "Arn",
          ],
        },
        "Runtime": "nodejs14.x",
        "Timeout": 30,
      },
      "Type": "AWS::Lambda::Function",
    },
    "ScheduleFunctionDispatchTargetFunctionServiceRole89FC967C": Object {
      "Properties": Object {
        "AssumeRolePolicyDocument": Object {
          "Statement": Array [
            Object {
              "Action": "sts:AssumeRole",
              "Effect": "Allow",
              "Principal": Object {
                "Service": "lambda.amazonaws.com",
              },
            },
          ],
          "Version": "2012-10-17",
        },
        "ManagedPolicyArns": Array [
          Object {
            "Fn::Join": Array [
              "",
              Array [
                "arn:",
                Object {
                  "Ref": "AWS::Partition",
                },
                ":iam::aws:policy/service-role/AWSLambdaBasicExecutionRole",
              ],
            ],
          },
        ],
      },
      "Type": "AWS::IAM::Role",
    },
    "ScheduleFunctionDispatchTargetRuleAllowEventRuledemostackScheduleFunctionDispatchTargetFunction046F149B139F2B36": Object {
      "Properties": Object {
        "Action": "lambda:InvokeFunction",
        "FunctionName": Object {
          "Fn::GetAtt": Array [
            "ScheduleFunctionDispatchTargetFunction6A796318",
            "Arn",
          ],
        },
        "Principal": "events.amazonaws.com",
        "SourceArn": Object {
          "Fn::GetAtt": Array [
            "ScheduleFunctionDispatchTargetRuleE8DBE1C8",
            "Arn",
          ],
        },
      },
      "Type": "AWS::Lambda::Permission",
    },
    "ScheduleFunctionDispatchTargetRuleE8DBE1C8": Object {
      "Properties": Object {
        "ScheduleExpression": "rate(1 minute)",
        "State": "ENABLED",
        "Targets": Array [
          Object {
            "Arn": Object {
              "Fn::GetAtt": Array [
                "ScheduleFunctionDispatchTargetFunction6A796318",
                "Arn",
              ],
            },
            "Id": "Target0",
          },
        ],
      },
      "Type": "AWS::Events::Rule",
    },
    "ScheduleFunctionFetchScheduleFunctionD70172FC": Object {
      "DependsOn": Array [
        "ScheduleFunctionFetchScheduleFunctionServiceRole0891609B",
      ],
      "Properties": Object {
        "Code": Object {
          "S3Bucket": Object {
            "Ref": "AssetParametersb626194fcf9f7c79f343adea8e3e469293d180730e656eb1449f2077b6e52e74S3Bucket4E5F80DA",
          },
          "S3Key": Object {
            "Fn::Join": Array [
              "",
              Array [
                Object {
                  "Fn::Select": Array [
                    0,
                    Object {
                      "Fn::Split": Array [
                        "||",
                        Object {
                          "Ref": "AssetParametersb626194fcf9f7c79f343adea8e3e469293d180730e656eb1449f2077b6e52e74S3VersionKeyAA3E93BE",
                        },
                      ],
                    },
                  ],
                },
                Object {
                  "Fn::Select": Array [
                    1,
                    Object {
                      "Fn::Split": Array [
                        "||",
                        Object {
                          "Ref": "AssetParametersb626194fcf9f7c79f343adea8e3e469293d180730e656eb1449f2077b6e52e74S3VersionKeyAA3E93BE",
                        },
                      ],
                    },
                  ],
                },
              ],
            ],
          },
        },
        "Environment": Object {
          "Variables": Object {
            "AWS_NODEJS_CONNECTION_REUSE_ENABLED": "1",
            "SCHEDULE_TABLE_NAME": Object {
              "Ref": "ScheduleFunctionScheduleTable60883DB8",
            },
          },
        },
        "Handler": "index.handler",
        "Role": Object {
          "Fn::GetAtt": Array [
            "ScheduleFunctionFetchScheduleFunctionServiceRole0891609B",
            "Arn",
          ],
        },
        "Runtime": "nodejs14.x",
      },
      "Type": "AWS::Lambda::Function",
    },
    "ScheduleFunctionFetchScheduleFunctionServiceRole0891609B": Object {
      "Properties": Object {
        "AssumeRolePolicyDocument": Object {
          "Statement": Array [
            Object {
              "Action": "sts:AssumeRole",
              "Effect": "Allow",
              "Principal": Object {
                "Service": "lambda.amazonaws.com",
              },
            },
          ],
          "Version": "2012-10-17",
        },
        "ManagedPolicyArns": Array [
          Object {
            "Fn::Join": Array [
              "",
              Array [
                "arn:",
                Object {
                  "Ref": "AWS::Partition",
                },
                ":iam::aws:policy/service-role/AWSLambdaBasicExecutionRole",
              ],
            ],
          },
        ],
      },
      "Type": "AWS::IAM::Role",
    },
    "ScheduleFunctionListScheduleFunction45B7EF79": Object {
      "DependsOn": Array [
        "ScheduleFunctionListScheduleFunctionServiceRole5EA5341C",
      ],
      "Properties": Object {
        "Code": Object {
          "S3Bucket": Object {
            "Ref": "AssetParametersadb1a1a303988964786a728d6088880252b9061bfee18019b088fd73ae234b8cS3BucketDB9C2F08",
          },
          "S3Key": Object {
            "Fn::Join": Array [
              "",
              Array [
                Object {
                  "Fn::Select": Array [
                    0,
                    Object {
                      "Fn::Split": Array [
                        "||",
                        Object {
                          "Ref": "AssetParametersadb1a1a303988964786a728d6088880252b9061bfee18019b088fd73ae234b8cS3VersionKey4DFB0070",
                        },
                      ],
                    },
                  ],
                },
                Object {
                  "Fn::Select": Array [
                    1,
                    Object {
                      "Fn::Split": Array [
                        "||",
                        Object {
                          "Ref": "AssetParametersadb1a1a303988964786a728d6088880252b9061bfee18019b088fd73ae234b8cS3VersionKey4DFB0070",
                        },
                      ],
                    },
                  ],
                },
              ],
            ],
          },
        },
        "Environment": Object {
          "Variables": Object {
            "AWS_NODEJS_CONNECTION_REUSE_ENABLED": "1",
            "SCHEDULE_TABLE_NAME": Object {
              "Ref": "ScheduleFunctionScheduleTable60883DB8",
            },
          },
        },
        "Handler": "index.handler",
        "Role": Object {
          "Fn::GetAtt": Array [
            "ScheduleFunctionListScheduleFunctionServiceRole5EA5341C",
            "Arn",
          ],
        },
        "Runtime": "nodejs14.x",
      },
      "Type": "AWS::Lambda::Function",
    },
    "ScheduleFunctionListScheduleFunctionServiceRole5EA5341C": Object {
      "Properties": Object {
        "AssumeRolePolicyDocument": Object {
          "Statement": Array [
            Object {
              "Action": "sts:AssumeRole",
              "Effect": "Allow",
              "Principal": Object {
                "Service": "lambda.amazonaws.com",
              },
            },
          ],
          "Version": "2012-10-17",
        },
        "ManagedPolicyArns": Array [
          Object {
            "Fn::Join": Array [
              "",
              Array [
                "arn:",
                Object {
                  "Ref": "AWS::Partition",
                },
                ":iam::aws:policy/service-role/AWSLambdaBasicExecutionRole",
              ],
            ],
          },
        ],
      },
      "Type": "AWS::IAM::Role",
    },
    "ScheduleFunctionScheduleTable60883DB8": Object {
      "DeletionPolicy": "Retain",
      "Properties": Object {
        "AttributeDefinitions": Array [
          Object {
            "AttributeName": "scheduleId",
            "AttributeType": "S",
          },
          Object {
            "AttributeName": "scheduledAt",
            "AttributeType": "S",
          },
          Object {
            "AttributeName": "targetType",
            "AttributeType": "S",
          },
          Object {
            "AttributeName": "targetId",
            "AttributeType": "S",
          },
        ],
        "GlobalSecondaryIndexes": Array [
          Object {
            "IndexName": "Query-By-ScheduledAt",
            "KeySchema": Array [
              Object {
                "AttributeName": "scheduledAt",
                "KeyType": "HASH",
              },
            ],
            "Projection": Object {
              "ProjectionType": "ALL",
            },
            "ProvisionedThroughput": Object {
              "ReadCapacityUnits": 1,
              "WriteCapacityUnits": 1,
            },
          },
          Object {
            "IndexName": "Query-By-TargetType",
            "KeySchema": Array [
              Object {
                "AttributeName": "targetType",
                "KeyType": "HASH",
              },
            ],
            "Projection": Object {
              "ProjectionType": "ALL",
            },
            "ProvisionedThroughput": Object {
              "ReadCapacityUnits": 1,
              "WriteCapacityUnits": 1,
            },
          },
          Object {
            "IndexName": "Query-By-TargetId",
            "KeySchema": Array [
              Object {
                "AttributeName": "targetId",
                "KeyType": "HASH",
              },
            ],
            "Projection": Object {
              "ProjectionType": "ALL",
            },
            "ProvisionedThroughput": Object {
              "ReadCapacityUnits": 1,
              "WriteCapacityUnits": 1,
            },
          },
        ],
        "KeySchema": Array [
          Object {
            "AttributeName": "scheduleId",
            "KeyType": "HASH",
          },
        ],
        "ProvisionedThroughput": Object {
          "ReadCapacityUnits": 1,
          "WriteCapacityUnits": 1,
        },
      },
      "Type": "AWS::DynamoDB::Table",
      "UpdateReplacePolicy": "Retain",
    },
    "ScheduleFunctionUpdateScheduleFunction2DA1CD25": Object {
      "DependsOn": Array [
        "ScheduleFunctionUpdateScheduleFunctionServiceRoleCAC6BD24",
      ],
      "Properties": Object {
        "Code": Object {
          "S3Bucket": Object {
            "Ref": "AssetParameters670eb8be057d4f73f49144a6113322d99794606e68049f5129bbcd5a39e4b7eaS3Bucket8F5713FA",
          },
          "S3Key": Object {
            "Fn::Join": Array [
              "",
              Array [
                Object {
                  "Fn::Select": Array [
                    0,
                    Object {
                      "Fn::Split": Array [
                        "||",
                        Object {
                          "Ref": "AssetParameters670eb8be057d4f73f49144a6113322d99794606e68049f5129bbcd5a39e4b7eaS3VersionKeyEE707AE1",
                        },
                      ],
                    },
                  ],
                },
                Object {
                  "Fn::Select": Array [
                    1,
                    Object {
                      "Fn::Split": Array [
                        "||",
                        Object {
                          "Ref": "AssetParameters670eb8be057d4f73f49144a6113322d99794606e68049f5129bbcd5a39e4b7eaS3VersionKeyEE707AE1",
                        },
                      ],
                    },
                  ],
                },
              ],
            ],
          },
        },
        "Environment": Object {
          "Variables": Object {
            "AWS_NODEJS_CONNECTION_REUSE_ENABLED": "1",
            "SCHEDULE_TABLE_NAME": Object {
              "Ref": "ScheduleFunctionScheduleTable60883DB8",
            },
          },
        },
        "Handler": "index.handler",
        "Role": Object {
          "Fn::GetAtt": Array [
            "ScheduleFunctionUpdateScheduleFunctionServiceRoleCAC6BD24",
            "Arn",
          ],
        },
        "Runtime": "nodejs14.x",
      },
      "Type": "AWS::Lambda::Function",
    },
    "ScheduleFunctionUpdateScheduleFunctionServiceRoleCAC6BD24": Object {
      "Properties": Object {
        "AssumeRolePolicyDocument": Object {
          "Statement": Array [
            Object {
              "Action": "sts:AssumeRole",
              "Effect": "Allow",
              "Principal": Object {
                "Service": "lambda.amazonaws.com",
              },
            },
          ],
          "Version": "2012-10-17",
        },
        "ManagedPolicyArns": Array [
          Object {
            "Fn::Join": Array [
              "",
              Array [
                "arn:",
                Object {
                  "Ref": "AWS::Partition",
                },
                ":iam::aws:policy/service-role/AWSLambdaBasicExecutionRole",
              ],
            ],
          },
        ],
      },
      "Type": "AWS::IAM::Role",
    },
    "ScheduleFunctiondeleteschedulepolicy0E23AE84": Object {
      "Properties": Object {
        "PolicyDocument": Object {
          "Statement": Array [
            Object {
              "Action": Array [
                "dynamodb:GetItem",
                "dynamodb:DeleteItem",
              ],
              "Effect": "Allow",
              "Resource": Object {
                "Fn::GetAtt": Array [
                  "ScheduleFunctionScheduleTable60883DB8",
                  "Arn",
                ],
              },
            },
          ],
          "Version": "2012-10-17",
        },
        "PolicyName": "ScheduleFunctiondeleteschedulepolicy0E23AE84",
        "Roles": Array [
          Object {
            "Ref": "ScheduleFunctionDeleteScheduleFunctionServiceRoleE5D76AB9",
          },
        ],
      },
      "Type": "AWS::IAM::Policy",
    },
    "ScheduleFunctiondispatchschedulepolicy7AE2621D": Object {
      "Properties": Object {
        "PolicyDocument": Object {
          "Statement": Array [
            Object {
              "Action": Array [
                "dynamodb:Query",
                "dynamodb:UpdateItem",
              ],
              "Effect": "Allow",
              "Resource": Array [
                Object {
                  "Fn::GetAtt": Array [
                    "ScheduleFunctionScheduleTable60883DB8",
                    "Arn",
                  ],
                },
                Object {
                  "Fn::Join": Array [
                    "",
                    Array [
                      Object {
                        "Fn::GetAtt": Array [
                          "ScheduleFunctionScheduleTable60883DB8",
                          "Arn",
                        ],
                      },
                      "/index/Query-By-ScheduledAt",
                    ],
                  ],
                },
              ],
            },
            Object {
              "Action": "lambda:InvokeFunction",
              "Effect": "Allow",
              "Resource": Array [
                Object {
                  "Fn::GetAtt": Array [
                    "TestTarget4042A7F7",
                    "Arn",
                  ],
                },
              ],
            },
          ],
          "Version": "2012-10-17",
        },
        "PolicyName": "ScheduleFunctiondispatchschedulepolicy7AE2621D",
        "Roles": Array [
          Object {
            "Ref": "ScheduleFunctionDispatchTargetFunctionServiceRole89FC967C",
          },
        ],
      },
      "Type": "AWS::IAM::Policy",
    },
    "ScheduleFunctionfetchschedulepolicy9B976A4F": Object {
      "Properties": Object {
        "PolicyDocument": Object {
          "Statement": Array [
            Object {
              "Action": "dynamodb:GetItem",
              "Effect": "Allow",
              "Resource": Object {
                "Fn::GetAtt": Array [
                  "ScheduleFunctionScheduleTable60883DB8",
                  "Arn",
                ],
              },
            },
          ],
          "Version": "2012-10-17",
        },
        "PolicyName": "ScheduleFunctionfetchschedulepolicy9B976A4F",
        "Roles": Array [
          Object {
            "Ref": "ScheduleFunctionFetchScheduleFunctionServiceRole0891609B",
          },
        ],
      },
      "Type": "AWS::IAM::Policy",
    },
    "ScheduleFunctionlistschedulespolicy36680AA3": Object {
      "Properties": Object {
        "PolicyDocument": Object {
          "Statement": Array [
            Object {
              "Action": Array [
                "dynamodb:Query",
                "dynamodb:Scan",
              ],
              "Effect": "Allow",
              "Resource": Object {
                "Fn::GetAtt": Array [
                  "ScheduleFunctionScheduleTable60883DB8",
                  "Arn",
                ],
              },
            },
          ],
          "Version": "2012-10-17",
        },
        "PolicyName": "ScheduleFunctionlistschedulespolicy36680AA3",
        "Roles": Array [
          Object {
            "Ref": "ScheduleFunctionListScheduleFunctionServiceRole5EA5341C",
          },
        ],
      },
      "Type": "AWS::IAM::Policy",
    },
    "ScheduleFunctionputschedulepolicy9BCF4420": Object {
      "Properties": Object {
        "PolicyDocument": Object {
          "Statement": Array [
            Object {
              "Action": "dynamodb:BatchWriteItem",
              "Effect": "Allow",
              "Resource": Object {
                "Fn::GetAtt": Array [
                  "ScheduleFunctionScheduleTable60883DB8",
                  "Arn",
                ],
              },
            },
          ],
          "Version": "2012-10-17",
        },
        "PolicyName": "ScheduleFunctionputschedulepolicy9BCF4420",
        "Roles": Array [
          Object {
            "Ref": "ScheduleFunctionCreateScheduleFunctionServiceRole5CB97B76",
          },
        ],
      },
      "Type": "AWS::IAM::Policy",
    },
    "ScheduleFunctionupdateschedulepolicy9AC28D81": Object {
      "Properties": Object {
        "PolicyDocument": Object {
          "Statement": Array [
            Object {
              "Action": Array [
                "dynamodb:GetItem",
                "dynamodb:UpdateItem",
              ],
              "Effect": "Allow",
              "Resource": Object {
                "Fn::GetAtt": Array [
                  "ScheduleFunctionScheduleTable60883DB8",
                  "Arn",
                ],
              },
            },
          ],
          "Version": "2012-10-17",
        },
        "PolicyName": "ScheduleFunctionupdateschedulepolicy9AC28D81",
        "Roles": Array [
          Object {
            "Ref": "ScheduleFunctionUpdateScheduleFunctionServiceRoleCAC6BD24",
          },
        ],
      },
      "Type": "AWS::IAM::Policy",
    },
    "TestTarget4042A7F7": Object {
      "DependsOn": Array [
        "TestTargetServiceRoleED06BFE8",
      ],
      "Properties": Object {
        "Code": Object {
          "ZipFile": "
      export async function handler() {
        return {
          success: true,
          result: event.context,
        };
      }
    ",
        },
        "Handler": "index.handler",
        "Role": Object {
          "Fn::GetAtt": Array [
            "TestTargetServiceRoleED06BFE8",
            "Arn",
          ],
        },
        "Runtime": "nodejs12.x",
      },
      "Type": "AWS::Lambda::Function",
    },
    "TestTargetServiceRoleED06BFE8": Object {
      "Properties": Object {
        "AssumeRolePolicyDocument": Object {
          "Statement": Array [
            Object {
              "Action": "sts:AssumeRole",
              "Effect": "Allow",
              "Principal": Object {
                "Service": "lambda.amazonaws.com",
              },
            },
          ],
          "Version": "2012-10-17",
        },
        "ManagedPolicyArns": Array [
          Object {
            "Fn::Join": Array [
              "",
              Array [
                "arn:",
                Object {
                  "Ref": "AWS::Partition",
                },
                ":iam::aws:policy/service-role/AWSLambdaBasicExecutionRole",
              ],
            ],
          },
        ],
      },
      "Type": "AWS::IAM::Role",
    },
  },
}
`;
