// Jest Snapshot v1, https://goo.gl/fbAQLP

exports[`minimal usage 1`] = `
Object {
  "Parameters": Object {
    "AssetParameters31cea5889347431bc63521e1f9e4ac1332b4c35db706f5a6ba04d03df665c294ArtifactHash8C1CF8C0": Object {
      "Description": "Artifact hash for asset \\"31cea5889347431bc63521e1f9e4ac1332b4c35db706f5a6ba04d03df665c294\\"",
      "Type": "String",
    },
    "AssetParameters31cea5889347431bc63521e1f9e4ac1332b4c35db706f5a6ba04d03df665c294S3Bucket0F983786": Object {
      "Description": "S3 bucket for asset \\"31cea5889347431bc63521e1f9e4ac1332b4c35db706f5a6ba04d03df665c294\\"",
      "Type": "String",
    },
    "AssetParameters31cea5889347431bc63521e1f9e4ac1332b4c35db706f5a6ba04d03df665c294S3VersionKey74DC5D40": Object {
      "Description": "S3 key for asset version \\"31cea5889347431bc63521e1f9e4ac1332b4c35db706f5a6ba04d03df665c294\\"",
      "Type": "String",
    },
    "AssetParameters86ecddc341bf4fb204c8d21bab4d885abf698e7978bdec6cba5a5c305338f1aeArtifactHashFB5AA128": Object {
      "Description": "Artifact hash for asset \\"86ecddc341bf4fb204c8d21bab4d885abf698e7978bdec6cba5a5c305338f1ae\\"",
      "Type": "String",
    },
    "AssetParameters86ecddc341bf4fb204c8d21bab4d885abf698e7978bdec6cba5a5c305338f1aeS3Bucket576AAA6B": Object {
      "Description": "S3 bucket for asset \\"86ecddc341bf4fb204c8d21bab4d885abf698e7978bdec6cba5a5c305338f1ae\\"",
      "Type": "String",
    },
    "AssetParameters86ecddc341bf4fb204c8d21bab4d885abf698e7978bdec6cba5a5c305338f1aeS3VersionKey4D1EABCC": Object {
      "Description": "S3 key for asset version \\"86ecddc341bf4fb204c8d21bab4d885abf698e7978bdec6cba5a5c305338f1ae\\"",
      "Type": "String",
    },
    "AssetParameters962c2b7636ee68a634d3a7248b27291529ca9495795076619809c0710384320aArtifactHash689DE96C": Object {
      "Description": "Artifact hash for asset \\"962c2b7636ee68a634d3a7248b27291529ca9495795076619809c0710384320a\\"",
      "Type": "String",
    },
    "AssetParameters962c2b7636ee68a634d3a7248b27291529ca9495795076619809c0710384320aS3BucketF0D94BD1": Object {
      "Description": "S3 bucket for asset \\"962c2b7636ee68a634d3a7248b27291529ca9495795076619809c0710384320a\\"",
      "Type": "String",
    },
    "AssetParameters962c2b7636ee68a634d3a7248b27291529ca9495795076619809c0710384320aS3VersionKey6D6C35F0": Object {
      "Description": "S3 key for asset version \\"962c2b7636ee68a634d3a7248b27291529ca9495795076619809c0710384320a\\"",
      "Type": "String",
    },
    "AssetParameters9e1567fa199b0bfe35c3865895496c8b05819ca3c86a9ad36ca7ebaa791fda0aArtifactHash0C00CF39": Object {
      "Description": "Artifact hash for asset \\"9e1567fa199b0bfe35c3865895496c8b05819ca3c86a9ad36ca7ebaa791fda0a\\"",
      "Type": "String",
    },
    "AssetParameters9e1567fa199b0bfe35c3865895496c8b05819ca3c86a9ad36ca7ebaa791fda0aS3Bucket4674839F": Object {
      "Description": "S3 bucket for asset \\"9e1567fa199b0bfe35c3865895496c8b05819ca3c86a9ad36ca7ebaa791fda0a\\"",
      "Type": "String",
    },
    "AssetParameters9e1567fa199b0bfe35c3865895496c8b05819ca3c86a9ad36ca7ebaa791fda0aS3VersionKey04D73A26": Object {
      "Description": "S3 key for asset version \\"9e1567fa199b0bfe35c3865895496c8b05819ca3c86a9ad36ca7ebaa791fda0a\\"",
      "Type": "String",
    },
    "AssetParametersa0db11cd4df51084e32d955460193528ec6076cb9f55e44104316ccee79b68c3ArtifactHash16F2514F": Object {
      "Description": "Artifact hash for asset \\"a0db11cd4df51084e32d955460193528ec6076cb9f55e44104316ccee79b68c3\\"",
      "Type": "String",
    },
    "AssetParametersa0db11cd4df51084e32d955460193528ec6076cb9f55e44104316ccee79b68c3S3Bucket795F1BA0": Object {
      "Description": "S3 bucket for asset \\"a0db11cd4df51084e32d955460193528ec6076cb9f55e44104316ccee79b68c3\\"",
      "Type": "String",
    },
    "AssetParametersa0db11cd4df51084e32d955460193528ec6076cb9f55e44104316ccee79b68c3S3VersionKey579A1DB4": Object {
      "Description": "S3 key for asset version \\"a0db11cd4df51084e32d955460193528ec6076cb9f55e44104316ccee79b68c3\\"",
      "Type": "String",
    },
    "AssetParametersa81f85b7dfaaf36549ed453393cf29bb9f359563e2dd7f7ff4addf741707dbefArtifactHash5FE6529A": Object {
      "Description": "Artifact hash for asset \\"a81f85b7dfaaf36549ed453393cf29bb9f359563e2dd7f7ff4addf741707dbef\\"",
      "Type": "String",
    },
    "AssetParametersa81f85b7dfaaf36549ed453393cf29bb9f359563e2dd7f7ff4addf741707dbefS3Bucket2B3B32A0": Object {
      "Description": "S3 bucket for asset \\"a81f85b7dfaaf36549ed453393cf29bb9f359563e2dd7f7ff4addf741707dbef\\"",
      "Type": "String",
    },
    "AssetParametersa81f85b7dfaaf36549ed453393cf29bb9f359563e2dd7f7ff4addf741707dbefS3VersionKeyAD27A68A": Object {
      "Description": "S3 key for asset version \\"a81f85b7dfaaf36549ed453393cf29bb9f359563e2dd7f7ff4addf741707dbef\\"",
      "Type": "String",
    },
  },
  "Resources": Object {
    "ScheduleFunctionCreateScheduleFunction839A34E1": Object {
      "DependsOn": Array [
        "ScheduleFunctionCreateScheduleFunctionServiceRole5CB97B76",
      ],
      "Properties": Object {
        "Code": Object {
          "S3Bucket": Object {
            "Ref": "AssetParametersa81f85b7dfaaf36549ed453393cf29bb9f359563e2dd7f7ff4addf741707dbefS3Bucket2B3B32A0",
          },
          "S3Key": Object {
            "Fn::Join": Array [
              "",
              Array [
                Object {
                  "Fn::Select": Array [
                    0,
                    Object {
                      "Fn::Split": Array [
                        "||",
                        Object {
                          "Ref": "AssetParametersa81f85b7dfaaf36549ed453393cf29bb9f359563e2dd7f7ff4addf741707dbefS3VersionKeyAD27A68A",
                        },
                      ],
                    },
                  ],
                },
                Object {
                  "Fn::Select": Array [
                    1,
                    Object {
                      "Fn::Split": Array [
                        "||",
                        Object {
                          "Ref": "AssetParametersa81f85b7dfaaf36549ed453393cf29bb9f359563e2dd7f7ff4addf741707dbefS3VersionKeyAD27A68A",
                        },
                      ],
                    },
                  ],
                },
              ],
            ],
          },
        },
        "Environment": Object {
          "Variables": Object {
            "AWS_NODEJS_CONNECTION_REUSE_ENABLED": "1",
            "RECENT_MINUTES": "30",
            "SCHEDULE_TABLE_NAME": Object {
              "Ref": "ScheduleFunctionScheduleTable60883DB8",
            },
            "TARGET_FUNCTIONS_NAME": Object {
              "Fn::Join": Array [
                "",
                Array [
                  "{\\"TestTarget\\":\\"",
                  Object {
                    "Ref": "TestTarget4042A7F7",
                  },
                  "\\"}",
                ],
              ],
            },
          },
        },
        "Handler": "index.handler",
        "Role": Object {
          "Fn::GetAtt": Array [
            "ScheduleFunctionCreateScheduleFunctionServiceRole5CB97B76",
            "Arn",
          ],
        },
        "Runtime": "nodejs14.x",
      },
      "Type": "AWS::Lambda::Function",
    },
    "ScheduleFunctionCreateScheduleFunctionServiceRole5CB97B76": Object {
      "Properties": Object {
        "AssumeRolePolicyDocument": Object {
          "Statement": Array [
            Object {
              "Action": "sts:AssumeRole",
              "Effect": "Allow",
              "Principal": Object {
                "Service": "lambda.amazonaws.com",
              },
            },
          ],
          "Version": "2012-10-17",
        },
        "ManagedPolicyArns": Array [
          Object {
            "Fn::Join": Array [
              "",
              Array [
                "arn:",
                Object {
                  "Ref": "AWS::Partition",
                },
                ":iam::aws:policy/service-role/AWSLambdaBasicExecutionRole",
              ],
            ],
          },
        ],
      },
      "Type": "AWS::IAM::Role",
    },
    "ScheduleFunctionDeleteScheduleFunctionC18DF41E": Object {
      "DependsOn": Array [
        "ScheduleFunctionDeleteScheduleFunctionServiceRoleE5D76AB9",
      ],
      "Properties": Object {
        "Code": Object {
          "S3Bucket": Object {
            "Ref": "AssetParameters31cea5889347431bc63521e1f9e4ac1332b4c35db706f5a6ba04d03df665c294S3Bucket0F983786",
          },
          "S3Key": Object {
            "Fn::Join": Array [
              "",
              Array [
                Object {
                  "Fn::Select": Array [
                    0,
                    Object {
                      "Fn::Split": Array [
                        "||",
                        Object {
                          "Ref": "AssetParameters31cea5889347431bc63521e1f9e4ac1332b4c35db706f5a6ba04d03df665c294S3VersionKey74DC5D40",
                        },
                      ],
                    },
                  ],
                },
                Object {
                  "Fn::Select": Array [
                    1,
                    Object {
                      "Fn::Split": Array [
                        "||",
                        Object {
                          "Ref": "AssetParameters31cea5889347431bc63521e1f9e4ac1332b4c35db706f5a6ba04d03df665c294S3VersionKey74DC5D40",
                        },
                      ],
                    },
                  ],
                },
              ],
            ],
          },
        },
        "Environment": Object {
          "Variables": Object {
            "AWS_NODEJS_CONNECTION_REUSE_ENABLED": "1",
            "SCHEDULE_TABLE_NAME": Object {
              "Ref": "ScheduleFunctionScheduleTable60883DB8",
            },
          },
        },
        "Handler": "index.handler",
        "Role": Object {
          "Fn::GetAtt": Array [
            "ScheduleFunctionDeleteScheduleFunctionServiceRoleE5D76AB9",
            "Arn",
          ],
        },
        "Runtime": "nodejs14.x",
      },
      "Type": "AWS::Lambda::Function",
    },
    "ScheduleFunctionDeleteScheduleFunctionServiceRoleE5D76AB9": Object {
      "Properties": Object {
        "AssumeRolePolicyDocument": Object {
          "Statement": Array [
            Object {
              "Action": "sts:AssumeRole",
              "Effect": "Allow",
              "Principal": Object {
                "Service": "lambda.amazonaws.com",
              },
            },
          ],
          "Version": "2012-10-17",
        },
        "ManagedPolicyArns": Array [
          Object {
            "Fn::Join": Array [
              "",
              Array [
                "arn:",
                Object {
                  "Ref": "AWS::Partition",
                },
                ":iam::aws:policy/service-role/AWSLambdaBasicExecutionRole",
              ],
            ],
          },
        ],
      },
      "Type": "AWS::IAM::Role",
    },
    "ScheduleFunctionDispatchTargetFunction6A796318": Object {
      "DependsOn": Array [
        "ScheduleFunctionDispatchTargetFunctionServiceRole89FC967C",
      ],
      "Properties": Object {
        "Code": Object {
          "S3Bucket": Object {
            "Ref": "AssetParametersa0db11cd4df51084e32d955460193528ec6076cb9f55e44104316ccee79b68c3S3Bucket795F1BA0",
          },
          "S3Key": Object {
            "Fn::Join": Array [
              "",
              Array [
                Object {
                  "Fn::Select": Array [
                    0,
                    Object {
                      "Fn::Split": Array [
                        "||",
                        Object {
                          "Ref": "AssetParametersa0db11cd4df51084e32d955460193528ec6076cb9f55e44104316ccee79b68c3S3VersionKey579A1DB4",
                        },
                      ],
                    },
                  ],
                },
                Object {
                  "Fn::Select": Array [
                    1,
                    Object {
                      "Fn::Split": Array [
                        "||",
                        Object {
                          "Ref": "AssetParametersa0db11cd4df51084e32d955460193528ec6076cb9f55e44104316ccee79b68c3S3VersionKey579A1DB4",
                        },
                      ],
                    },
                  ],
                },
              ],
            ],
          },
        },
        "Environment": Object {
          "Variables": Object {
            "AWS_NODEJS_CONNECTION_REUSE_ENABLED": "1",
            "SCHEDULE_TABLE_NAME": Object {
              "Ref": "ScheduleFunctionScheduleTable60883DB8",
            },
            "TARGET_FUNCTIONS_NAME": Object {
              "Fn::Join": Array [
                "",
                Array [
                  "{\\"TestTarget\\":\\"",
                  Object {
                    "Ref": "TestTarget4042A7F7",
                  },
                  "\\"}",
                ],
              ],
            },
          },
        },
        "Handler": "index.handler",
        "Role": Object {
          "Fn::GetAtt": Array [
            "ScheduleFunctionDispatchTargetFunctionServiceRole89FC967C",
            "Arn",
          ],
        },
        "Runtime": "nodejs14.x",
        "Timeout": 30,
      },
      "Type": "AWS::Lambda::Function",
    },
    "ScheduleFunctionDispatchTargetFunctionServiceRole89FC967C": Object {
      "Properties": Object {
        "AssumeRolePolicyDocument": Object {
          "Statement": Array [
            Object {
              "Action": "sts:AssumeRole",
              "Effect": "Allow",
              "Principal": Object {
                "Service": "lambda.amazonaws.com",
              },
            },
          ],
          "Version": "2012-10-17",
        },
        "ManagedPolicyArns": Array [
          Object {
            "Fn::Join": Array [
              "",
              Array [
                "arn:",
                Object {
                  "Ref": "AWS::Partition",
                },
                ":iam::aws:policy/service-role/AWSLambdaBasicExecutionRole",
              ],
            ],
          },
        ],
      },
      "Type": "AWS::IAM::Role",
    },
    "ScheduleFunctionDispatchTargetRuleAllowEventRuledemostackScheduleFunctionDispatchTargetFunction046F149B139F2B36": Object {
      "Properties": Object {
        "Action": "lambda:InvokeFunction",
        "FunctionName": Object {
          "Fn::GetAtt": Array [
            "ScheduleFunctionDispatchTargetFunction6A796318",
            "Arn",
          ],
        },
        "Principal": "events.amazonaws.com",
        "SourceArn": Object {
          "Fn::GetAtt": Array [
            "ScheduleFunctionDispatchTargetRuleE8DBE1C8",
            "Arn",
          ],
        },
      },
      "Type": "AWS::Lambda::Permission",
    },
    "ScheduleFunctionDispatchTargetRuleE8DBE1C8": Object {
      "Properties": Object {
        "ScheduleExpression": "rate(1 minute)",
        "State": "ENABLED",
        "Targets": Array [
          Object {
            "Arn": Object {
              "Fn::GetAtt": Array [
                "ScheduleFunctionDispatchTargetFunction6A796318",
                "Arn",
              ],
            },
            "Id": "Target0",
          },
        ],
      },
      "Type": "AWS::Events::Rule",
    },
    "ScheduleFunctionFetchScheduleFunctionD70172FC": Object {
      "DependsOn": Array [
        "ScheduleFunctionFetchScheduleFunctionServiceRole0891609B",
      ],
      "Properties": Object {
        "Code": Object {
          "S3Bucket": Object {
            "Ref": "AssetParameters86ecddc341bf4fb204c8d21bab4d885abf698e7978bdec6cba5a5c305338f1aeS3Bucket576AAA6B",
          },
          "S3Key": Object {
            "Fn::Join": Array [
              "",
              Array [
                Object {
                  "Fn::Select": Array [
                    0,
                    Object {
                      "Fn::Split": Array [
                        "||",
                        Object {
                          "Ref": "AssetParameters86ecddc341bf4fb204c8d21bab4d885abf698e7978bdec6cba5a5c305338f1aeS3VersionKey4D1EABCC",
                        },
                      ],
                    },
                  ],
                },
                Object {
                  "Fn::Select": Array [
                    1,
                    Object {
                      "Fn::Split": Array [
                        "||",
                        Object {
                          "Ref": "AssetParameters86ecddc341bf4fb204c8d21bab4d885abf698e7978bdec6cba5a5c305338f1aeS3VersionKey4D1EABCC",
                        },
                      ],
                    },
                  ],
                },
              ],
            ],
          },
        },
        "Environment": Object {
          "Variables": Object {
            "AWS_NODEJS_CONNECTION_REUSE_ENABLED": "1",
            "SCHEDULE_TABLE_NAME": Object {
              "Ref": "ScheduleFunctionScheduleTable60883DB8",
            },
          },
        },
        "Handler": "index.handler",
        "Role": Object {
          "Fn::GetAtt": Array [
            "ScheduleFunctionFetchScheduleFunctionServiceRole0891609B",
            "Arn",
          ],
        },
        "Runtime": "nodejs14.x",
      },
      "Type": "AWS::Lambda::Function",
    },
    "ScheduleFunctionFetchScheduleFunctionServiceRole0891609B": Object {
      "Properties": Object {
        "AssumeRolePolicyDocument": Object {
          "Statement": Array [
            Object {
              "Action": "sts:AssumeRole",
              "Effect": "Allow",
              "Principal": Object {
                "Service": "lambda.amazonaws.com",
              },
            },
          ],
          "Version": "2012-10-17",
        },
        "ManagedPolicyArns": Array [
          Object {
            "Fn::Join": Array [
              "",
              Array [
                "arn:",
                Object {
                  "Ref": "AWS::Partition",
                },
                ":iam::aws:policy/service-role/AWSLambdaBasicExecutionRole",
              ],
            ],
          },
        ],
      },
      "Type": "AWS::IAM::Role",
    },
    "ScheduleFunctionListScheduleFunction45B7EF79": Object {
      "DependsOn": Array [
        "ScheduleFunctionListScheduleFunctionServiceRole5EA5341C",
      ],
      "Properties": Object {
        "Code": Object {
          "S3Bucket": Object {
            "Ref": "AssetParameters962c2b7636ee68a634d3a7248b27291529ca9495795076619809c0710384320aS3BucketF0D94BD1",
          },
          "S3Key": Object {
            "Fn::Join": Array [
              "",
              Array [
                Object {
                  "Fn::Select": Array [
                    0,
                    Object {
                      "Fn::Split": Array [
                        "||",
                        Object {
                          "Ref": "AssetParameters962c2b7636ee68a634d3a7248b27291529ca9495795076619809c0710384320aS3VersionKey6D6C35F0",
                        },
                      ],
                    },
                  ],
                },
                Object {
                  "Fn::Select": Array [
                    1,
                    Object {
                      "Fn::Split": Array [
                        "||",
                        Object {
                          "Ref": "AssetParameters962c2b7636ee68a634d3a7248b27291529ca9495795076619809c0710384320aS3VersionKey6D6C35F0",
                        },
                      ],
                    },
                  ],
                },
              ],
            ],
          },
        },
        "Environment": Object {
          "Variables": Object {
            "AWS_NODEJS_CONNECTION_REUSE_ENABLED": "1",
            "SCHEDULE_TABLE_NAME": Object {
              "Ref": "ScheduleFunctionScheduleTable60883DB8",
            },
          },
        },
        "Handler": "index.handler",
        "Role": Object {
          "Fn::GetAtt": Array [
            "ScheduleFunctionListScheduleFunctionServiceRole5EA5341C",
            "Arn",
          ],
        },
        "Runtime": "nodejs14.x",
      },
      "Type": "AWS::Lambda::Function",
    },
    "ScheduleFunctionListScheduleFunctionServiceRole5EA5341C": Object {
      "Properties": Object {
        "AssumeRolePolicyDocument": Object {
          "Statement": Array [
            Object {
              "Action": "sts:AssumeRole",
              "Effect": "Allow",
              "Principal": Object {
                "Service": "lambda.amazonaws.com",
              },
            },
          ],
          "Version": "2012-10-17",
        },
        "ManagedPolicyArns": Array [
          Object {
            "Fn::Join": Array [
              "",
              Array [
                "arn:",
                Object {
                  "Ref": "AWS::Partition",
                },
                ":iam::aws:policy/service-role/AWSLambdaBasicExecutionRole",
              ],
            ],
          },
        ],
      },
      "Type": "AWS::IAM::Role",
    },
    "ScheduleFunctionScheduleTable60883DB8": Object {
      "DeletionPolicy": "Retain",
      "Properties": Object {
        "AttributeDefinitions": Array [
          Object {
            "AttributeName": "scheduleId",
            "AttributeType": "S",
          },
          Object {
            "AttributeName": "scheduledAt",
            "AttributeType": "S",
          },
          Object {
            "AttributeName": "targetType",
            "AttributeType": "S",
          },
          Object {
            "AttributeName": "targetId",
            "AttributeType": "S",
          },
        ],
        "GlobalSecondaryIndexes": Array [
          Object {
            "IndexName": "Query-By-ScheduledAt",
            "KeySchema": Array [
              Object {
                "AttributeName": "scheduledAt",
                "KeyType": "HASH",
              },
            ],
            "Projection": Object {
              "ProjectionType": "ALL",
            },
            "ProvisionedThroughput": Object {
              "ReadCapacityUnits": 1,
              "WriteCapacityUnits": 1,
            },
          },
          Object {
            "IndexName": "Query-By-TargetType",
            "KeySchema": Array [
              Object {
                "AttributeName": "targetType",
                "KeyType": "HASH",
              },
            ],
            "Projection": Object {
              "ProjectionType": "ALL",
            },
            "ProvisionedThroughput": Object {
              "ReadCapacityUnits": 1,
              "WriteCapacityUnits": 1,
            },
          },
          Object {
            "IndexName": "Query-By-TargetId",
            "KeySchema": Array [
              Object {
                "AttributeName": "targetId",
                "KeyType": "HASH",
              },
            ],
            "Projection": Object {
              "ProjectionType": "ALL",
            },
            "ProvisionedThroughput": Object {
              "ReadCapacityUnits": 1,
              "WriteCapacityUnits": 1,
            },
          },
        ],
        "KeySchema": Array [
          Object {
            "AttributeName": "scheduleId",
            "KeyType": "HASH",
          },
        ],
        "ProvisionedThroughput": Object {
          "ReadCapacityUnits": 1,
          "WriteCapacityUnits": 1,
        },
      },
      "Type": "AWS::DynamoDB::Table",
      "UpdateReplacePolicy": "Retain",
    },
    "ScheduleFunctionUpdateScheduleFunction2DA1CD25": Object {
      "DependsOn": Array [
        "ScheduleFunctionUpdateScheduleFunctionServiceRoleCAC6BD24",
      ],
      "Properties": Object {
        "Code": Object {
          "S3Bucket": Object {
            "Ref": "AssetParameters9e1567fa199b0bfe35c3865895496c8b05819ca3c86a9ad36ca7ebaa791fda0aS3Bucket4674839F",
          },
          "S3Key": Object {
            "Fn::Join": Array [
              "",
              Array [
                Object {
                  "Fn::Select": Array [
                    0,
                    Object {
                      "Fn::Split": Array [
                        "||",
                        Object {
                          "Ref": "AssetParameters9e1567fa199b0bfe35c3865895496c8b05819ca3c86a9ad36ca7ebaa791fda0aS3VersionKey04D73A26",
                        },
                      ],
                    },
                  ],
                },
                Object {
                  "Fn::Select": Array [
                    1,
                    Object {
                      "Fn::Split": Array [
                        "||",
                        Object {
                          "Ref": "AssetParameters9e1567fa199b0bfe35c3865895496c8b05819ca3c86a9ad36ca7ebaa791fda0aS3VersionKey04D73A26",
                        },
                      ],
                    },
                  ],
                },
              ],
            ],
          },
        },
        "Environment": Object {
          "Variables": Object {
            "AWS_NODEJS_CONNECTION_REUSE_ENABLED": "1",
            "SCHEDULE_TABLE_NAME": Object {
              "Ref": "ScheduleFunctionScheduleTable60883DB8",
            },
          },
        },
        "Handler": "index.handler",
        "Role": Object {
          "Fn::GetAtt": Array [
            "ScheduleFunctionUpdateScheduleFunctionServiceRoleCAC6BD24",
            "Arn",
          ],
        },
        "Runtime": "nodejs14.x",
      },
      "Type": "AWS::Lambda::Function",
    },
    "ScheduleFunctionUpdateScheduleFunctionServiceRoleCAC6BD24": Object {
      "Properties": Object {
        "AssumeRolePolicyDocument": Object {
          "Statement": Array [
            Object {
              "Action": "sts:AssumeRole",
              "Effect": "Allow",
              "Principal": Object {
                "Service": "lambda.amazonaws.com",
              },
            },
          ],
          "Version": "2012-10-17",
        },
        "ManagedPolicyArns": Array [
          Object {
            "Fn::Join": Array [
              "",
              Array [
                "arn:",
                Object {
                  "Ref": "AWS::Partition",
                },
                ":iam::aws:policy/service-role/AWSLambdaBasicExecutionRole",
              ],
            ],
          },
        ],
      },
      "Type": "AWS::IAM::Role",
    },
    "ScheduleFunctiondeleteschedulepolicy0E23AE84": Object {
      "Properties": Object {
        "PolicyDocument": Object {
          "Statement": Array [
            Object {
              "Action": Array [
                "dynamodb:GetItem",
                "dynamodb:DeleteItem",
              ],
              "Effect": "Allow",
              "Resource": Object {
                "Fn::GetAtt": Array [
                  "ScheduleFunctionScheduleTable60883DB8",
                  "Arn",
                ],
              },
            },
          ],
          "Version": "2012-10-17",
        },
        "PolicyName": "ScheduleFunctiondeleteschedulepolicy0E23AE84",
        "Roles": Array [
          Object {
            "Ref": "ScheduleFunctionDeleteScheduleFunctionServiceRoleE5D76AB9",
          },
        ],
      },
      "Type": "AWS::IAM::Policy",
    },
    "ScheduleFunctiondispatchschedulepolicy7AE2621D": Object {
      "Properties": Object {
        "PolicyDocument": Object {
          "Statement": Array [
            Object {
              "Action": Array [
                "dynamodb:Query",
                "dynamodb:UpdateItem",
              ],
              "Effect": "Allow",
              "Resource": Array [
                Object {
                  "Fn::GetAtt": Array [
                    "ScheduleFunctionScheduleTable60883DB8",
                    "Arn",
                  ],
                },
                Object {
                  "Fn::Join": Array [
                    "",
                    Array [
                      Object {
                        "Fn::GetAtt": Array [
                          "ScheduleFunctionScheduleTable60883DB8",
                          "Arn",
                        ],
                      },
                      "/index/Query-By-ScheduledAt",
                    ],
                  ],
                },
              ],
            },
            Object {
              "Action": "lambda:InvokeFunction",
              "Effect": "Allow",
              "Resource": Array [
                Object {
                  "Fn::GetAtt": Array [
                    "TestTarget4042A7F7",
                    "Arn",
                  ],
                },
              ],
            },
          ],
          "Version": "2012-10-17",
        },
        "PolicyName": "ScheduleFunctiondispatchschedulepolicy7AE2621D",
        "Roles": Array [
          Object {
            "Ref": "ScheduleFunctionDispatchTargetFunctionServiceRole89FC967C",
          },
        ],
      },
      "Type": "AWS::IAM::Policy",
    },
    "ScheduleFunctionfetchschedulepolicy9B976A4F": Object {
      "Properties": Object {
        "PolicyDocument": Object {
          "Statement": Array [
            Object {
              "Action": "dynamodb:GetItem",
              "Effect": "Allow",
              "Resource": Object {
                "Fn::GetAtt": Array [
                  "ScheduleFunctionScheduleTable60883DB8",
                  "Arn",
                ],
              },
            },
          ],
          "Version": "2012-10-17",
        },
        "PolicyName": "ScheduleFunctionfetchschedulepolicy9B976A4F",
        "Roles": Array [
          Object {
            "Ref": "ScheduleFunctionFetchScheduleFunctionServiceRole0891609B",
          },
        ],
      },
      "Type": "AWS::IAM::Policy",
    },
    "ScheduleFunctionlistschedulespolicy36680AA3": Object {
      "Properties": Object {
        "PolicyDocument": Object {
          "Statement": Array [
            Object {
              "Action": Array [
                "dynamodb:Query",
                "dynamodb:Scan",
              ],
              "Effect": "Allow",
              "Resource": Object {
                "Fn::GetAtt": Array [
                  "ScheduleFunctionScheduleTable60883DB8",
                  "Arn",
                ],
              },
            },
          ],
          "Version": "2012-10-17",
        },
        "PolicyName": "ScheduleFunctionlistschedulespolicy36680AA3",
        "Roles": Array [
          Object {
            "Ref": "ScheduleFunctionListScheduleFunctionServiceRole5EA5341C",
          },
        ],
      },
      "Type": "AWS::IAM::Policy",
    },
    "ScheduleFunctionputschedulepolicy9BCF4420": Object {
      "Properties": Object {
        "PolicyDocument": Object {
          "Statement": Array [
            Object {
              "Action": "dynamodb:BatchWriteItem",
              "Effect": "Allow",
              "Resource": Object {
                "Fn::GetAtt": Array [
                  "ScheduleFunctionScheduleTable60883DB8",
                  "Arn",
                ],
              },
            },
          ],
          "Version": "2012-10-17",
        },
        "PolicyName": "ScheduleFunctionputschedulepolicy9BCF4420",
        "Roles": Array [
          Object {
            "Ref": "ScheduleFunctionCreateScheduleFunctionServiceRole5CB97B76",
          },
        ],
      },
      "Type": "AWS::IAM::Policy",
    },
    "ScheduleFunctionupdateschedulepolicy9AC28D81": Object {
      "Properties": Object {
        "PolicyDocument": Object {
          "Statement": Array [
            Object {
              "Action": Array [
                "dynamodb:GetItem",
                "dynamodb:UpdateItem",
              ],
              "Effect": "Allow",
              "Resource": Object {
                "Fn::GetAtt": Array [
                  "ScheduleFunctionScheduleTable60883DB8",
                  "Arn",
                ],
              },
            },
          ],
          "Version": "2012-10-17",
        },
        "PolicyName": "ScheduleFunctionupdateschedulepolicy9AC28D81",
        "Roles": Array [
          Object {
            "Ref": "ScheduleFunctionUpdateScheduleFunctionServiceRoleCAC6BD24",
          },
        ],
      },
      "Type": "AWS::IAM::Policy",
    },
    "TestTarget4042A7F7": Object {
      "DependsOn": Array [
        "TestTargetServiceRoleED06BFE8",
      ],
      "Properties": Object {
        "Code": Object {
          "ZipFile": "
      export async function handler() {
        return {
          success: true,
          result: event.context,
        };
      }
    ",
        },
        "Handler": "index.handler",
        "Role": Object {
          "Fn::GetAtt": Array [
            "TestTargetServiceRoleED06BFE8",
            "Arn",
          ],
        },
        "Runtime": "nodejs12.x",
      },
      "Type": "AWS::Lambda::Function",
    },
    "TestTargetServiceRoleED06BFE8": Object {
      "Properties": Object {
        "AssumeRolePolicyDocument": Object {
          "Statement": Array [
            Object {
              "Action": "sts:AssumeRole",
              "Effect": "Allow",
              "Principal": Object {
                "Service": "lambda.amazonaws.com",
              },
            },
          ],
          "Version": "2012-10-17",
        },
        "ManagedPolicyArns": Array [
          Object {
            "Fn::Join": Array [
              "",
              Array [
                "arn:",
                Object {
                  "Ref": "AWS::Partition",
                },
                ":iam::aws:policy/service-role/AWSLambdaBasicExecutionRole",
              ],
            ],
          },
        ],
      },
      "Type": "AWS::IAM::Role",
    },
  },
}
`;
